HUMiqvDBTDBAAPE/110114_I481_FC81C7HABXX_L7_HUMiqvDBTDBAAPE_1.fq.gz.clean.dup.clean.gz.corr
HUMiqvDBTDBAAPE/110114_I481_FC81C7HABXX_L7_HUMiqvDBTDBAAPE_2.fq.gz.clean.dup.clean.gz.corr
HUMiqvDBTDBAAPE/110201_I441_FC81EVJABXX_L5_HUMiqvDBTDBAAPE_1.fq.gz.clean.dup.clean.gz.corr
HUMiqvDBTDBAAPE/110201_I441_FC81EVJABXX_L5_HUMiqvDBTDBAAPE_2.fq.gz.clean.dup.clean.gz.corr
HUMiqvDBTDBABPE/110114_I481_FC81C7HABXX_L8_HUMiqvDBTDBABPE_1.fq.gz.clean.dup.clean.gz.corr
HUMiqvDBTDBABPE/110114_I481_FC81C7HABXX_L8_HUMiqvDBTDBABPE_2.fq.gz.clean.dup.clean.gz.corr
HUMiqvDBTDBABPE/110201_I441_FC81EVJABXX_L4_HUMiqvDBTDBABPE_1.fq.gz.clean.dup.clean.gz.corr
HUMiqvDBTDBABPE/110201_I441_FC81EVJABXX_L4_HUMiqvDBTDBABPE_2.fq.gz.clean.dup.clean.gz.corr
HUMiqvDBTDBCAPE/110115_I270_FC81CBVABXX_L5_HUMiqvDBTDBCAPE_1.fq.gz.clean.dup.clean.gz.corr
HUMiqvDBTDBCAPE/110115_I270_FC81CBVABXX_L5_HUMiqvDBTDBCAPE_2.fq.gz.clean.dup.clean.gz.corr
HUMiqvDBTDBCAPE/110130_I266_FC81EE0ABXX_L5_HUMiqvDBTDBCAPE_1.fq.gz.clean.dup.clean.gz.corr
HUMiqvDBTDBCAPE/110130_I266_FC81EE0ABXX_L5_HUMiqvDBTDBCAPE_2.fq.gz.clean.dup.clean.gz.corr
HUMiqvDBTDIAAPE/110114_I481_FC81C7HABXX_L5_HUMiqvDBTDIAAPE_1.fq.gz.clean.dup.clean.gz.corr
HUMiqvDBTDIAAPE/110114_I481_FC81C7HABXX_L5_HUMiqvDBTDIAAPE_2.fq.gz.clean.dup.clean.gz.corr
HUMiqvDBTDIBAPE/110114_I481_FC81C7HABXX_L6_HUMiqvDBTDIBAPE_1.fq.gz.clean.dup.clean.gz.corr
HUMiqvDBTDIBAPE/110114_I481_FC81C7HABXX_L6_HUMiqvDBTDIBAPE_2.fq.gz.clean.dup.clean.gz.corr
